RFID.c:98:6:RFID_getCode	24	static
RFID.c:267:5:Get_FREE_ADD	32	static
RFID.c:294:9:Get_USER_Card_nn	16	static
RFID.c:306:6:checksum	16	static
RFID.c:314:9:Update_USER_Card_nn	16	static
RFID.c:329:10:New_Card	8	static
RFID.c:349:6:Card_Authentication	40	static
RFID.c:391:6:Delete_AllCard	16	static
RFID.c:409:6:Delete_Card	32	static
RFID.c:428:6:IS_Admin_Card	16	static
RFID.c:447:9:Get_Admin_Card_nn	8	static
RFID.c:461:6:Set_Admin_Card	16	static
RFID.c:476:9:Get_USER_Pass_nn	16	static
RFID.c:492:9:Update_USER_Pass_nn	16	static
RFID.c:509:9:New_Pass	24	static
RFID.c:533:6:Delete_AllPass	16	static
RFID.c:556:6:Delete_Pass	32	static
RFID.c:578:6:IS_Admin_Pass	24	static
RFID.c:599:6:Pass_Authentication	24	static
RFID.c:626:6:Change_Password	32	static
RFID.c:650:9:Get_Admin_Pass_nn	16	static
RFID.c:665:6:Set_Admin_Pass	24	static
